// Jest Snapshot v1, https://goo.gl/fbAQLP

exports[`<Intro /> renders correctly 1`] = `
<section
  class="sc-jTzLTM kEjvE"
>
  <div
    class="sc-jzJRlG joTOfB"
  >
    <div
      class="sc-htpNat toUCL"
    >
      <div
        class="sc-cSHVUG kneMEB"
      >
        <div
          class="sc-bxivhb bNSQFJ"
          width="1,1,1,1,0.5"
        >
          <div
            class="flex-citwDR iycZHW"
          >
            <h1
              class="sc-EHOje kbeHcN"
            >
              Node.js
            </h1>
            <p
              class="sc-iwsKbI jZrHPG"
            >
              Node.js is the fastest growing open source platform in the world. It empowers us to increase our iteration speed and the quality of our work, using a known language that underpins the entire web: JavaScript.
            </p>
          </div>
        </div>
        <div
          class="sc-bxivhb bNSQFJ"
          width="1,1,1,1,0.5"
        >
          <img
            alt="node"
            class="sc-gqjmRU kBVRHJ"
            style="max-height: 100%;"
          />
        </div>
      </div>
      <div
        class="sc-ifAKCX dJZmHe"
      >
        <div
          class="sc-bxivhb dabrRZ"
          width="1"
        >
          <div
            class="sc-bwzfXH eXQzNB"
          >
            <h3
              class="sc-gzVnrw ISMEH"
            >
              Why use Node.js?
            </h3>
          </div>
        </div>
      </div>
      <div
        class="sc-bxivhb dabrRZ"
        width="1"
      >
        <div
          class="sc-ifAKCX dJZmHe"
        >
          <div
            class="sc-VigVT lamdPP sc-bxivhb ekqGfg"
            width="1,1,1,1,0.3333333333333333"
          >
            <div
              class="sc-fjdhpX ftlTcS"
            >
              <h3
                class="sc-htoDjs bPZptn"
              >
                Performance
              </h3>
              <p
                class="sc-iwsKbI cfIwHc"
              >
                Node.js allows us to manage high loads, making it perfect for handling peak demand.
              </p>
            </div>
          </div>
          <div
            class="sc-VigVT lamdPP sc-bxivhb ekqGfg"
            width="1,1,1,1,0.3333333333333333"
          >
            <div
              class="sc-fjdhpX ftlTcS"
            >
              <h3
                class="sc-htoDjs bPZptn"
              >
                Customer experience
              </h3>
              <p
                class="sc-iwsKbI cfIwHc"
              >
                With Node.js we can manage very complex API layers and offer a seamless customer experience.
              </p>
            </div>
          </div>
          <div
            class="sc-VigVT lamdPP sc-bxivhb ekqGfg"
            width="1,1,1,1,0.3333333333333333"
          >
            <div
              class="sc-fjdhpX ftlTcS"
            >
              <h3
                class="sc-htoDjs bPZptn"
              >
                Productivity
              </h3>
              <p
                class="sc-iwsKbI cfIwHc"
              >
                Developers love using Node.js and thatâ€™s reflected directly in their productivity and job satisfaction.
              </p>
            </div>
          </div>
        </div>
      </div>
    </div>
  </div>
</section>
`;
